LIBMATROSKALITE_1 {
    global:
        ebml_close;
        ebml_file_fns;
        edatasz_to_u64;
        eid_to_u64;
        matroska_close;
        matroska_parser;
        matroska_semantic_processor;
        u64_to_edatasz;
        u64_to_edatasz_l;
        u64_to_eid;
        u64_to_vint;
        u64_to_vint_l;
        vint_to_u64;
        zlib_stream_destroy;
        zlib_stream_inflate;
        zlib_stream_init;
    local:
        *;
};

LIBMATROSKALITE_2 {
} LIBMATROSKALITE_1;

LIBMATROSKALITE_3 {
    global:
} LIBMATROSKALITE_2;

LIBMATROSKALITE_27 {
    global:
        matroska_error;
        matroska_print_err;
} LIBMATROSKALITE_3;

LIBMATROSKALITE_28 {
    global:
        parser_look_up;
} LIBMATROSKALITE_27;

LIBMATROSKALITE_30 {
} LIBMATROSKALITE_28;

LIBMATROSKALITE_31 {
    global:
        ebml_parser;
} LIBMATROSKALITE_30;

LIBMATROSKALITE_39 {
} LIBMATROSKALITE_31;

LIBMATROSKALITE_53 {
} LIBMATROSKALITE_39;

LIBMATROSKALITE_58 {
    global:
        ebml_read;
        matroska_read;
        matroska_read_body;
        matroska_read_header;
} LIBMATROSKALITE_53;

LIBMATROSKALITE_59 {
    global:
        ebml_open;
        ebml_write;
        matroska_open;
        matroska_write;
} LIBMATROSKALITE_58;
